
> portifolio@0.0.0 build
> vite build

[36mvite v8.0.0 [32mbuilding client environment for production...[36m[39m
[2K
transforming...Γ£ô 436 modules transformed.
node.exe : 
[33m[lightningcss minify] 
Unknown at rule: @tailwind
At line:1 char:1
+ & "C:\Program 
Files\nodejs/node.exe" 
"C:\Program 
Files\nodejs/node_mo ...
+ ~~~~~~~~~~~~~~~~~~~~~~~~~
~~~~~~~~~~~~~~~~~~~~~~~~~~~
~~~~~~~~~~~~~~~~~
    + CategoryInfo         
     : NotSpecified: ([3  
  3m[lightning...rule: @   
 tailwind:String) [], R    
emoteException
    + FullyQualifiedErrorI 
   d : NativeCommandError
 
1  |  @tailwind base;
   |           ^
2  |  @tailwind components;
3  |  @tailwind 
utilities;[39m
[33m[lightningcss minify] 
Unknown at rule: @tailwind
1  |  @tailwind base;
2  |  @tailwind components;
   |           ^
3  |  @tailwind utilities;
4  |  [39m
[33m[lightningcss minify] 
Unknown at rule: @tailwind
1  |  @tailwind base;
2  |  @tailwind components;
3  |  @tailwind utilities;
   |           ^
4  |  
5  |  @layer base {[39m
[33m[lightningcss minify] 
Unknown at rule: @apply
8  |    }
9  |    body {
10 |      @apply 
bg-slate-50 text-slate-900 
transition-colors 
duration-300;
   |            ^
11 |    }
12 |    .dark body {[39m
[33m[lightningcss minify] 
Unknown at rule: @apply
11 |    }
12 |    .dark body {
13 |      @apply 
bg-slate-900 
text-slate-100;
   |            ^
14 |    }
15 |  }[39m
[33m[lightningcss minify] 
Unknown at rule: @apply
21 |  
22 |  
::-webkit-scrollbar-track {
23 |    @apply 
bg-transparent;
   |          ^
24 |  }
25 |  [39m
[33m[lightningcss minify] 
Unknown at rule: @apply
25 |  
26 |  
::-webkit-scrollbar-thumb {
27 |    @apply 
bg-slate-300 
dark:bg-slate-700 
rounded-full;
   |          ^
28 |  }
29 |  [39m
[33m[lightningcss minify] 
Unknown at rule: @apply
29 |  
30 |  ::-webkit-scrollbar-t
humb:hover {
31 |    @apply 
bg-slate-400 
dark:bg-slate-600;
   |          ^
32 |  }
33 |  [39m
rendering chunks...
[31mΓ£ù[39m Build failed 
in 503ms
[31merror during build:
[31mBuild failed with 2 
errors:

[31m[MISSING_EXPORT] 
Error:[0m "SiCss3" is not 
exported by "node_modules/r
eact-icons/si/index.mjs".
   [38;5;246mΓò¡[0m[38;5
;246mΓöÇ[0m[38;5;246m[[0
m src/components/Skills.jsx
:3:46 [38;5;246m][0m
   [38;5;246mΓöé[0m
 [38;5;246m3 Γöé[0m [38;
5;249mi[0m[38;5;249mm[0m
[38;5;249mp[0m[38;5;249m
o[0m[38;5;249mr[0m[38;5
;249mt[0m[38;5;249m [0m
[38;5;249m{[0m[38;5;249m 
[0m[38;5;249mS[0m[38;5;
249mi[0m[38;5;249mC[0m[
38;5;249mp[0m[38;5;249ml
[0m[38;5;249mu[0m[38;5;2
49ms[0m[38;5;249mp[0m[3
8;5;249ml[0m[38;5;249mu[
0m[38;5;249ms[0m[38;5;24
9m,[0m[38;5;249m [0m[38
;5;249mS[0m[38;5;249mi[0
m[38;5;249mJ[0m[38;5;249
ma[0m[38;5;249mv[0m[38;
5;249ma[0m[38;5;249ms[0m
[38;5;249mc[0m[38;5;249m
r[0m[38;5;249mi[0m[38;5
;249mp[0m[38;5;249mt[0m
[38;5;249m,[0m[38;5;249m 
[0m[38;5;249mS[0m[38;5;
249mi[0m[38;5;249mH[0m[
38;5;249mt[0m[38;5;249mm
[0m[38;5;249ml[0m[38;5;2
49m5[0m[38;5;249m,[0m[3
8;5;249m [0mSiCss3[38;5;2
49m,[0m[38;5;249m [0m[3
8;5;249mS[0m[38;5;249mi[
0m[38;5;249mR[0m[38;5;24
9me[0m[38;5;249ma[0m[38
;5;249mc[0m[38;5;249mt[0
m[38;5;249m,[0m[38;5;249
m [0m[38;5;249mS[0m[38;
5;249mi[0m[38;5;249mN[0m
[38;5;249mo[0m[38;5;249m
d[0m[38;5;249me[0m[38;5
;249md[0m[38;5;249mo[0m
[38;5;249mt[0m[38;5;249mj
[0m[38;5;249ms[0m[38;5;
249m,[0m[38;5;249m [0m[
38;5;249mS[0m[38;5;249mi
[0m[38;5;249mN[0m[38;5;2
49me[0m[38;5;249mx[0m[3
8;5;249mt[0m[38;5;249md[
0m[38;5;249mo[0m[38;5;24
9mt[0m[38;5;249mj[0m[38
;5;249ms[0m[38;5;249m,[0
m[38;5;249m [0m[38;5;249
mS[0m[38;5;249mi[0m[38;
5;249mE[0m[38;5;249mx[0m
[38;5;249mp[0m[38;5;249m
r[0m[38;5;249me[0m[38;5
;249ms[0m[38;5;249ms[0m
[38;5;249m,[0m[38;5;249m 
[0m[38;5;249mS[0m[38;5;
249mi[0m[38;5;249mT[0m[
38;5;249ma[0m[38;5;249mi
[0m[38;5;249ml[0m[38;5;2
49mw[0m[38;5;249mi[0m[3
8;5;249mn[0m[38;5;249md[
0m[38;5;249mc[0m[38;5;24
9ms[0m[38;5;249ms[0m[38
;5;249m,[0m[38;5;249m [0
m[38;5;249mS[0m[38;5;249
mi[0m[38;5;249mM[0m[38;
5;249my[0m[38;5;249ms[0m
[38;5;249mq[0m[38;5;249m
l[0m[38;5;249m,[0m[38;5
;249m [0m[38;5;249mS[0m
[38;5;249mi[0m[38;5;249mM
[0m[38;5;249mo[0m[38;5;
249mn[0m[38;5;249mg[0m[
38;5;249mo[0m[38;5;249md
[0m[38;5;249mb[0m[38;5;2
49m,[0m[38;5;249m [0m[3
8;5;249mS[0m[38;5;249mi[
0m[38;5;249mG[0m[38;5;24
9mi[0m[38;5;249mt[0m[38
;5;249m,[0m[38;5;249m [0
m[38;5;249mS[0m[38;5;249
mi[0m[38;5;249mG[0m[38;
5;249mi[0m[38;5;249mt[0m
[38;5;249mh[0m[38;5;249m
u[0m[38;5;249mb[0m[38;5
;249m,[0m[38;5;249m [0m
[38;5;249mS[0m[38;5;249mi
[0m[38;5;249mP[0m[38;5;
249mo[0m[38;5;249ms[0m[
38;5;249mt[0m[38;5;249mm
[0m[38;5;249ma[0m[38;5;2
49mn[0m[38;5;249m,[0m[3
8;5;249m [0m[38;5;249mS[
0m[38;5;249mi[0m[38;5;24
9mV[0m[38;5;249me[0m[38
;5;249mr[0m[38;5;249mc[0
m[38;5;249me[0m[38;5;249
ml[0m[38;5;249m,[0m[38;
5;249m [0m[38;5;249mS[0m
[38;5;249mi[0m[38;5;249m
V[0m[38;5;249mi[0m[38;5
;249ms[0m[38;5;249mu[0m
[38;5;249ma[0m[38;5;249ml
[0m[38;5;249ms[0m[38;5;
249mt[0m[38;5;249mu[0m[
38;5;249md[0m[38;5;249mi
[0m[38;5;249mo[0m[38;5;2
49mc[0m[38;5;249mo[0m[3
8;5;249md[0m[38;5;249me[
0m[38;5;249m [0m[38;5;24
9m}[0m[38;5;249m [0m[38
;5;249mf[0m[38;5;249mr[0
m[38;5;249mo[0m[38;5;249
mm[0m[38;5;249m [0m[38;
5;249m"[0m[38;5;249mr[0m
[38;5;249me[0m[38;5;249m
a[0m[38;5;249mc[0m[38;5
;249mt[0m[38;5;249m-[0m
[38;5;249mi[0m[38;5;249mc
[0m[38;5;249mo[0m[38;5;
249mn[0m[38;5;249ms[0m[
38;5;249m/[0m[38;5;249ms
[0m[38;5;249mi[0m[38;5;2
49m"[0m[38;5;249m;[0m
 [38;5;240m  Γöé[0m      
                           
             
ΓöÇΓöÇΓöÇΓö¼ΓöÇΓöÇ  
 [38;5;240m  Γöé[0m      
                           
                
Γò░ΓöÇΓöÇΓöÇΓöÇ Missing 
export
[38;5;246mΓöÇΓöÇΓöÇΓò»[0m

[31m[MISSING_EXPORT] 
Error:[0m 
"SiVisualstudiocode" is 
not exported by "node_modul
es/react-icons/si/index.mjs
".
   [38;5;246mΓò¡[0m[38;5
;246mΓöÇ[0m[38;5;246m[[0
m src/components/Skills.jsx
:3:173 [38;5;246m][0m
   [38;5;246mΓöé[0m
 [38;5;246m3 Γöé[0m [38;
5;249mi[0m[38;5;249mm[0m
[38;5;249mp[0m[38;5;249m
o[0m[38;5;249mr[0m[38;5
;249mt[0m[38;5;249m [0m
[38;5;249m{[0m[38;5;249m 
[0m[38;5;249mS[0m[38;5;
249mi[0m[38;5;249mC[0m[
38;5;249mp[0m[38;5;249ml
[0m[38;5;249mu[0m[38;5;2
49ms[0m[38;5;249mp[0m[3
8;5;249ml[0m[38;5;249mu[
0m[38;5;249ms[0m[38;5;24
9m,[0m[38;5;249m [0m[38
;5;249mS[0m[38;5;249mi[0
m[38;5;249mJ[0m[38;5;249
ma[0m[38;5;249mv[0m[38;
5;249ma[0m[38;5;249ms[0m
[38;5;249mc[0m[38;5;249m
r[0m[38;5;249mi[0m[38;5
;249mp[0m[38;5;249mt[0m
[38;5;249m,[0m[38;5;249m 
[0m[38;5;249mS[0m[38;5;
249mi[0m[38;5;249mH[0m[
38;5;249mt[0m[38;5;249mm
[0m[38;5;249ml[0m[38;5;2
49m5[0m[38;5;249m,[0m[3
8;5;249m [0m[38;5;249mS[
0m[38;5;249mi[0m[38;5;24
9mC[0m[38;5;249ms[0m[38
;5;249ms[0m[38;5;249m3[0
m[38;5;249m,[0m[38;5;249
m [0m[38;5;249mS[0m[38;
5;249mi[0m[38;5;249mR[0m
[38;5;249me[0m[38;5;249m
a[0m[38;5;249mc[0m[38;5
;249mt[0m[38;5;249m,[0m
[38;5;249m [0m[38;5;249mS
[0m[38;5;249mi[0m[38;5;
249mN[0m[38;5;249mo[0m[
38;5;249md[0m[38;5;249me
[0m[38;5;249md[0m[38;5;2
49mo[0m[38;5;249mt[0m[3
8;5;249mj[0m[38;5;249ms[
0m[38;5;249m,[0m[38;5;24
9m [0m[38;5;249mS[0m[38
;5;249mi[0m[38;5;249mN[0
m[38;5;249me[0m[38;5;249
mx[0m[38;5;249mt[0m[38;
5;249md[0m[38;5;249mo[0m
[38;5;249mt[0m[38;5;249m
j[0m[38;5;249ms[0m[38;5
;249m,[0m[38;5;249m [0m
[38;5;249mS[0m[38;5;249mi
[0m[38;5;249mE[0m[38;5;
249mx[0m[38;5;249mp[0m[
38;5;249mr[0m[38;5;249me
[0m[38;5;249ms[0m[38;5;2
49ms[0m[38;5;249m,[0m[3
8;5;249m [0m[38;5;249mS[
0m[38;5;249mi[0m[38;5;24
9mT[0m[38;5;249ma[0m[38
;5;249mi[0m[38;5;249ml[0
m[38;5;249mw[0m[38;5;249
mi[0m[38;5;249mn[0m[38;
5;249md[0m[38;5;249mc[0m
[38;5;249ms[0m[38;5;249m
s[0m[38;5;249m,[0m[38;5
;249m [0m[38;5;249mS[0m
[38;5;249mi[0m[38;5;249mM
[0m[38;5;249my[0m[38;5;
249ms[0m[38;5;249mq[0m[
38;5;249ml[0m[38;5;249m,
[0m[38;5;249m [0m[38;5;2
49mS[0m[38;5;249mi[0m[3
8;5;249mM[0m[38;5;249mo[
0m[38;5;249mn[0m[38;5;24
9mg[0m[38;5;249mo[0m[38
;5;249md[0m[38;5;249mb[0
m[38;5;249m,[0m[38;5;249
m [0m[38;5;249mS[0m[38;
5;249mi[0m[38;5;249mG[0m
[38;5;249mi[0m[38;5;249m
t[0m[38;5;249m,[0m[38;5
;249m [0m[38;5;249mS[0m
[38;5;249mi[0m[38;5;249mG
[0m[38;5;249mi[0m[38;5;
249mt[0m[38;5;249mh[0m[
38;5;249mu[0m[38;5;249mb
[0m[38;5;249m,[0m[38;5;2
49m [0m[38;5;249mS[0m[3
8;5;249mi[0m[38;5;249mP[
0m[38;5;249mo[0m[38;5;24
9ms[0m[38;5;249mt[0m[38
;5;249mm[0m[38;5;249ma[0
m[38;5;249mn[0m[38;5;249
m,[0m[38;5;249m [0m[38;
5;249mS[0m[38;5;249mi[0m
[38;5;249mV[0m[38;5;249m
e[0m[38;5;249mr[0m[38;5
;249mc[0m[38;5;249me[0m
[38;5;249ml[0m[38;5;249m,
[0m[38;5;249m [0mSiVisua
lstudiocode[38;5;249m [0m
[38;5;249m}[0m[38;5;249m
 [0m[38;5;249mf[0m[38;5
;249mr[0m[38;5;249mo[0m
[38;5;249mm[0m[38;5;249m 
[0m[38;5;249m"[0m[38;5;
249mr[0m[38;5;249me[0m[
38;5;249ma[0m[38;5;249mc
[0m[38;5;249mt[0m[38;5;2
49m-[0m[38;5;249mi[0m[3
8;5;249mc[0m[38;5;249mo[
0m[38;5;249mn[0m[38;5;24
9ms[0m[38;5;249m/[0m[38
;5;249ms[0m[38;5;249mi[0
m[38;5;249m"[0m[38;5;249
m;[0m
 [38;5;240m  Γöé[0m      
                           
                           
                           
                           
                           
                           
     ΓöÇΓöÇΓöÇΓöÇΓöÇΓöÇΓöÇΓ
öÇΓöÇΓö¼ΓöÇΓöÇΓöÇΓöÇΓöÇΓöÇΓ
öÇΓöÇ  
 [38;5;240m  Γöé[0m      
                           
                           
                           
                           
                           
                           
              Γò░ΓöÇΓöÇΓöÇΓ
öÇΓöÇΓöÇΓöÇΓöÇΓöÇΓöÇ 
Missing export
[38;5;246mΓöÇΓöÇΓöÇΓò»[0m
[31m
    at aggregateBindingErro
rsIntoJsError (file:///C:/U
sers/Mayank%20bhardwaj/OneD
rive/Desktop/Portifolio/nod
e_modules/rolldown/dist/sha
red/error-CP8smW_P.mjs:48:1
8)
    at unwrapBindingResult 
(file:///C:/Users/Mayank%20
bhardwaj/OneDrive/Desktop/P
ortifolio/node_modules/roll
down/dist/shared/error-CP8s
mW_P.mjs:18:128)
    at #build (file:///C:/U
sers/Mayank%20bhardwaj/OneD
rive/Desktop/Portifolio/nod
e_modules/rolldown/dist/sha
red/rolldown-build-4YnQkA76
.mjs:3311:34)
    at async 
buildEnvironment (file:///C
:/Users/Mayank%20bhardwaj/O
neDrive/Desktop/Portifolio/
node_modules/vite/dist/node
/chunks/node.js:32794:64)
    at async Object.build (
file:///C:/Users/Mayank%20b
hardwaj/OneDrive/Desktop/Po
rtifolio/node_modules/vite/
dist/node/chunks/node.js:33
216:19)
    at async 
Object.buildApp (file:///C:
/Users/Mayank%20bhardwaj/On
eDrive/Desktop/Portifolio/n
ode_modules/vite/dist/node/
chunks/node.js:33213:153)
    at async 
CAC.<anonymous> (file:///C:
/Users/Mayank%20bhardwaj/On
eDrive/Desktop/Portifolio/n
ode_modules/vite/dist/node/
cli.js:778:3) {
  errors: [Getter/Setter]
}[39m
